{"logTime": "0929/041732", "correlationVector":"CY6e66/4YOcVSR5sGeX0UW.1","action":"SyncServerConnectionManagerRequest", "result":"SYNC_SERVER_OK", "context":{"environment":"Prod_southindia_prod-s01-004-apac-southindia", "migrationStage":"NotStarted", "server":"akswtt1070000ca"}}
{"logTime": "0929/041732", "correlationVector":"CY6e66/4YOcVSR5sGeX0UW.2","action":"ProcessGetUpdates", "result":"Done", "context":{"dataType":"Encryption Keys", "deleted":"0", "process_failed_to_decrypt":"0", "process_pending_decryption":"0", "process_success":"1", "total":"1"}}
{"logTime": "0929/041733", "correlationVector":"BYCtNvh9r57MvZz1JR9J9e","action":"SyncServerConnectionManagerRequest", "result":"SYNC_SERVER_OK", "context":{"environment":"", "migrationStage":"", "server":""}}
{"logTime": "0929/041733", "correlationVector":"BYCtNvh9r57MvZz1JR9J9e.0","action":"EncryptionKeysFetcher.DownloadKeys:", "result":"Success", "context":Key count: 6, Last key timestamp: 2026-05-23T12:30:16Z}
{"logTime": "0929/041733", "correlationVector":"BYCtNvh9r57MvZz1JR9J9e.1","action":"EncryptionKeysManager::SetEncryptionKeys:", "result":"Success", "context":Key names[6]:[UF/20CRV+PTP+ueC6dqr+3MJJppbjvm0o7Q6sgdP9YHWRCjexo5sJvdBVjL6J1mOXF2sAOL9Hbom4PPCWm8xkA==][PxU7TKtoNRzx4uTYftGhDsEGAg6g3oSkUMxAlCbdNFOVz0tvHbd8Z6rye4YwwjVDZjS/CUs7x12sOyCxnSaBoQ==][bT9BB7V7zbBVO+Fyb5meYIEFGOpyrcDgVoEu8n7J0DLoQVU9qmTUmi+0cKf3RkkFy63LXm1IdiiLEe0g2UY/Xw==][NfJl0aOjUOzrr0Y435N7zwho8m8aJJmOBdMDKpHkgkE40Lxea9JT3Q2W0YOXqRXkdfYtX9XOgck/27a9IgVUuw==][5g41pRZD+wCL0O1t+gqUC+5TxE1scG70Tfn513EXxwkYkdDE7W8Xe5geli0GVyqI8/43h/5rc8o34Use1DTX5g==][DnJNE7enJmvZln9rP7+P33Lw7X9XutidAplnWVsbXkgEsgghy5nklfnVUUC3eAOD3HG08X5Zy/IZn2mvtvxb4w==]}
{"logTime": "0929/041733", "correlationVector":"BYCtNvh9r57MvZz1JR9J9e.2","action":"EncryptionKeysManager::SetEncryptionKeysWithTimestamps:", "result":"Success", "context":Key timestamps[6]:[2024-12-26T09:54:05Z][2025-02-04T12:51:55Z][2025-08-05T10:57:50Z][2026-02-01T12:18:10Z][2026-03-25T15:40:16Z][2026-05-23T12:30:16Z]}
{"logTime": "0929/041733", "correlationVector":"CY6e66/4YOcVSR5sGeX0UW","action":"Initial GetUpdates", "result":"", "context":Reason: NEW_CLIENT. cV=CY6e66/4YOcVSR5sGeX0UW}
{"logTime": "0929/041733", "correlationVector":"CY6e66/4YOcVSR5sGeX0UW.3","action":"GetUpdates Response", "result":"Success", "context":Received 1 update(s). cV=CY6e66/4YOcVSR5sGeX0UW.0;server=akswtt1070000ca;cloudType=Consumer;environment=Prod_southindia_prod-s01-004-apac-southindia;migrationStage=NotStarted}
{"logTime": "0929/041733", "correlationVector":"UkSM3VlbxvfeDJvv4TIcly","action":"Initial GetUpdates", "result":"", "context":Reason: NEWLY_SUPPORTED_DATATYPE. cV=UkSM3VlbxvfeDJvv4TIcly}
{"logTime": "0929/041734", "correlationVector":"UkSM3VlbxvfeDJvv4TIcly.1","action":"SyncServerConnectionManagerRequest", "result":"SYNC_SERVER_OK", "context":{"environment":"Prod_southindia_prod-s01-004-apac-southindia", "migrationStage":"NotStarted", "server":"akswtt1070000ca"}}
{"logTime": "0929/041734", "correlationVector":"UkSM3VlbxvfeDJvv4TIcly.2","action":"ProcessGetUpdates", "result":"Done", "context":{"dataType":"Passwords", "deleted":"0", "process_failed_to_decrypt":"0", "process_pending_decryption":"0", "process_success":"63", "total":"63"}}
{"logTime": "0929/041734", "correlationVector":"UkSM3VlbxvfeDJvv4TIcly.3","action":"ProcessGetUpdates", "result":"Done", "context":{"dataType":"Device Info", "deleted":"0", "process_failed_to_decrypt":"0", "process_pending_decryption":"0", "process_success":"38", "total":"38"}}
{"logTime": "0929/041734", "correlationVector":"UkSM3VlbxvfeDJvv4TIcly.4","action":"GetUpdates Response", "result":"Success", "context":Received 101 update(s). cV=UkSM3VlbxvfeDJvv4TIcly.0;server=akswtt1070000ca;cloudType=Consumer;environment=Prod_southindia_prod-s01-004-apac-southindia;migrationStage=NotStarted}
{"logTime": "0929/041734", "correlationVector":"GOUtxepZaJuoU0/M01XySE","action":"Initial GetUpdates", "result":"", "context":Reason: NEWLY_SUPPORTED_DATATYPE. cV=GOUtxepZaJuoU0/M01XySE}
{"logTime": "0929/041803", "correlationVector":"0I7vF0+CxDBsV3vYQX+uYJ.1","action":"SyncServerConnectionManagerRequest", "result":"SYNC_SERVER_OK", "context":{"environment":"Prod_southindia_prod-s01-004-apac-southindia", "migrationStage":"NotStarted", "server":"akswtt10700005d"}}
{"logTime": "0929/041803", "correlationVector":"0I7vF0+CxDBsV3vYQX+uYJ.2","action":"ProcessGetUpdates", "result":"Done", "context":{"dataType":"Encryption Keys", "deleted":"0", "process_failed_to_decrypt":"0", "process_pending_decryption":"0", "process_success":"1", "total":"1"}}
{"logTime": "0929/041804", "correlationVector":"ZNgcUwruujVOju+98rREPQ","action":"SyncServerConnectionManagerRequest", "result":"SYNC_SERVER_OK", "context":{"environment":"", "migrationStage":"", "server":""}}
{"logTime": "0929/041804", "correlationVector":"ZNgcUwruujVOju+98rREPQ.0","action":"EncryptionKeysFetcher.DownloadKeys:", "result":"Success", "context":Key count: 6, Last key timestamp: 2026-05-23T12:30:16Z}
{"logTime": "0929/041804", "correlationVector":"ZNgcUwruujVOju+98rREPQ.1","action":"EncryptionKeysManager::SetEncryptionKeys:", "result":"Success", "context":Key names[6]:[UF/20CRV+PTP+ueC6dqr+3MJJppbjvm0o7Q6sgdP9YHWRCjexo5sJvdBVjL6J1mOXF2sAOL9Hbom4PPCWm8xkA==][PxU7TKtoNRzx4uTYftGhDsEGAg6g3oSkUMxAlCbdNFOVz0tvHbd8Z6rye4YwwjVDZjS/CUs7x12sOyCxnSaBoQ==][bT9BB7V7zbBVO+Fyb5meYIEFGOpyrcDgVoEu8n7J0DLoQVU9qmTUmi+0cKf3RkkFy63LXm1IdiiLEe0g2UY/Xw==][NfJl0aOjUOzrr0Y435N7zwho8m8aJJmOBdMDKpHkgkE40Lxea9JT3Q2W0YOXqRXkdfYtX9XOgck/27a9IgVUuw==][5g41pRZD+wCL0O1t+gqUC+5TxE1scG70Tfn513EXxwkYkdDE7W8Xe5geli0GVyqI8/43h/5rc8o34Use1DTX5g==][DnJNE7enJmvZln9rP7+P33Lw7X9XutidAplnWVsbXkgEsgghy5nklfnVUUC3eAOD3HG08X5Zy/IZn2mvtvxb4w==]}
{"logTime": "0929/041804", "correlationVector":"ZNgcUwruujVOju+98rREPQ.2","action":"EncryptionKeysManager::SetEncryptionKeysWithTimestamps:", "result":"Success", "context":Key timestamps[6]:[2024-12-26T09:54:05Z][2025-02-04T12:51:55Z][2025-08-05T10:57:50Z][2026-02-01T12:18:10Z][2026-03-25T15:40:16Z][2026-05-23T12:30:16Z]}
{"logTime": "0929/041804", "correlationVector":"0I7vF0+CxDBsV3vYQX+uYJ","action":"Initial GetUpdates", "result":"", "context":Reason: NEW_CLIENT. cV=0I7vF0+CxDBsV3vYQX+uYJ}
{"logTime": "0929/041804", "correlationVector":"0I7vF0+CxDBsV3vYQX+uYJ.3","action":"GetUpdates Response", "result":"Success", "context":Received 1 update(s). cV=0I7vF0+CxDBsV3vYQX+uYJ.0;server=akswtt10700005d;cloudType=Consumer;environment=Prod_southindia_prod-s01-004-apac-southindia;migrationStage=NotStarted}
{"logTime": "0929/041804", "correlationVector":"TSo2B/Aj0zTZE1buXsO7/T","action":"Initial GetUpdates", "result":"", "context":Reason: NEWLY_SUPPORTED_DATATYPE. cV=TSo2B/Aj0zTZE1buXsO7/T}
{"logTime": "0929/041805", "correlationVector":"TSo2B/Aj0zTZE1buXsO7/T.1","action":"SyncServerConnectionManagerRequest", "result":"SYNC_SERVER_OK", "context":{"environment":"Prod_southindia_prod-s01-004-apac-southindia", "migrationStage":"NotStarted", "server":"akswtt10700004x"}}
{"logTime": "0929/041805", "correlationVector":"TSo2B/Aj0zTZE1buXsO7/T.2","action":"ProcessGetUpdates", "result":"Done", "context":{"dataType":"Device Info", "deleted":"0", "process_failed_to_decrypt":"0", "process_pending_decryption":"0", "process_success":"38", "total":"38"}}
{"logTime": "0929/041805", "correlationVector":"TSo2B/Aj0zTZE1buXsO7/T.3","action":"GetUpdates Response", "result":"Success", "context":Received 38 update(s). cV=TSo2B/Aj0zTZE1buXsO7/T.0;server=akswtt10700004x;cloudType=Consumer;environment=Prod_southindia_prod-s01-004-apac-southindia;migrationStage=NotStarted}
{"logTime": "0929/041805", "correlationVector":"HJySK/Dejg+0VNUIVuiMfC","action":"Initial GetUpdates", "result":"", "context":Reason: NEWLY_SUPPORTED_DATATYPE. cV=HJySK/Dejg+0VNUIVuiMfC}
{"logTime": "0929/041806", "correlationVector":"HJySK/Dejg+0VNUIVuiMfC.1","action":"SyncServerConnectionManagerRequest", "result":"SYNC_SERVER_OK", "context":{"environment":"Prod_southindia_prod-s01-004-apac-southindia", "migrationStage":"NotStarted", "server":"akswtt107000067"}}
{"logTime": "0929/041806", "correlationVector":"HJySK/Dejg+0VNUIVuiMfC.2","action":"ProcessGetUpdates", "result":"Done", "context":{"dataType":"Extensions", "deleted":"0", "process_failed_to_decrypt":"0", "process_pending_decryption":"0", "process_success":"38", "total":"38"}}
{"logTime": "0929/041806", "correlationVector":"HJySK/Dejg+0VNUIVuiMfC.3","action":"ProcessGetUpdates", "result":"Done", "context":{"dataType":"Extension settings", "deleted":"0", "process_failed_to_decrypt":"0", "process_pending_decryption":"0", "process_success":"148", "total":"148"}}
{"logTime": "0929/041806", "correlationVector":"HJySK/Dejg+0VNUIVuiMfC.4","action":"ProcessGetUpdates", "result":"Done", "context":{"dataType":"Send Tab To Self", "deleted":"3", "process_failed_to_decrypt":"0", "process_pending_decryption":"0", "process_success":"3", "total":"3"}}
{"logTime": "0929/041806", "correlationVector":"HJySK/Dejg+0VNUIVuiMfC.5","action":"ProcessGetUpdates", "result":"Done", "context":{"dataType":"Web Apps", "deleted":"0", "process_failed_to_decrypt":"0", "process_pending_decryption":"0", "process_success":"48", "total":"48"}}
{"logTime": "0929/041806", "correlationVector":"HJySK/Dejg+0VNUIVuiMfC.6","action":"GetUpdates Response", "result":"Success", "context":Received 237 update(s). cV=HJySK/Dejg+0VNUIVuiMfC.0;server=akswtt107000067;cloudType=Consumer;environment=Prod_southindia_prod-s01-004-apac-southindia;migrationStage=NotStarted}
{"logTime": "0929/041806", "correlationVector":"z0FceJ3wA5U7IczaG/js2o","action":"Normal GetUpdate request", "result":"", "context":cV=z0FceJ3wA5U7IczaG/js2o
Nudged types: Device Info, User Consents
Refresh requested types: Extensions, Extension settings, Device Info, User Consents, Send Tab To Self, Web Apps, Encryption Keys}
{"logTime": "0929/041807", "correlationVector":"z0FceJ3wA5U7IczaG/js2o.1","action":"SyncServerConnectionManagerRequest", "result":"SYNC_SERVER_OK", "context":{"environment":"Prod_southindia_prod-s01-004-apac-southindia", "migrationStage":"NotStarted", "server":"akswtt10700004p"}}
{"logTime": "0929/041807", "correlationVector":"z0FceJ3wA5U7IczaG/js2o.2","action":"GetUpdates Response", "result":"Success", "context":Received 0 update(s). cV=z0FceJ3wA5U7IczaG/js2o.0;server=akswtt10700004p;cloudType=Consumer;environment=Prod_southindia_prod-s01-004-apac-southindia;migrationStage=NotStarted}
{"logTime": "0929/041807", "correlationVector":"F+XU6uq0Ct1JGD1skU01Qu","action":"DoCompareDataConsistency requsted types: ", "result":"Extensions, Extension settings, Send Tab To Self, Web Apps, Encryption Keys"}
{"logTime": "0929/041807", "correlationVector":"F+XU6uq0Ct1JGD1skU01Qu.0","action":"CompareDataConsistency result: ", "result":"Compare result: Encryption Keys is consistent. local entities count is: 1 local entities hash is: 8CleVhFVU9yFEDuVheH/UMkwUr0="}
{"logTime": "0929/041807", "correlationVector":"F+XU6uq0Ct1JGD1skU01Qu.1","action":"CompareDataConsistency result: ", "result":"Compare result: Extensions is consistent. local entities count is: 38 local entities hash is: Wg5NMhqg2+20SphdyBfJfhcihSo="}
{"logTime": "0929/041807", "correlationVector":"F+XU6uq0Ct1JGD1skU01Qu.2","action":"CompareDataConsistency result: ", "result":"Compare result: Extension settings is consistent. local entities count is: 148 local entities hash is: /DL6jICG5Z94N2wdHmZVkcBQ0lg="}
{"logTime": "0929/041807", "correlationVector":"F+XU6uq0Ct1JGD1skU01Qu.3","action":"CompareDataConsistency result: ", "result":"Server did not send this Send Tab To Self local entities count is: 0 local entities hash is: "}
{"logTime": "0929/041807", "correlationVector":"F+XU6uq0Ct1JGD1skU01Qu.4","action":"CompareDataConsistency result: ", "result":"Compare result: Web Apps is consistent. local entities count is: 48 local entities hash is: 5LDnC8n7W9S/s6uqgQJFxjCrSr4="}
{"logTime": "0929/041807", "correlationVector":"8XBhHecz7jcH3Cq1LvgwH2","action":"Commit Request", "result":"", "context":Item count: 2
Contributing types: Device Info, User Consents}
{"logTime": "0929/041809", "correlationVector":"8XBhHecz7jcH3Cq1LvgwH2.1","action":"SyncServerConnectionManagerRequest", "result":"SYNC_SERVER_OK", "context":{"environment":"Prod_francecentral_prod-s01-062-eur-francecentral", "migrationStage":"NotStarted", "server":"akswtt11700006b"}}
{"logTime": "0929/041809", "correlationVector":"8XBhHecz7jcH3Cq1LvgwH2.2","action":"Commit Response", "result":"Success", "context":Result: Success. cV=8XBhHecz7jcH3Cq1LvgwH2.0;server=akswtt11700006b;cloudType=Consumer;environment=Prod_francecentral_prod-s01-062-eur-francecentral;migrationStage=NotStarted}
{"logTime": "0929/041809", "correlationVector":"","action":"DIAGNOSTIC_REQUEST|v1/diagnosticData/Diagnostic.SendCheckResult()|SUCCESS", "result":""}
