{"logTime": "0929/044930", "correlationVector":"4DnFbvO9n8/V7aS0x71p02.1","action":"SyncServerConnectionManagerRequest", "result":"SYNC_SERVER_OK", "context":{"environment":"Prod_southindia_prod-s01-004-apac-southindia", "migrationStage":"NotStarted", "server":"akswtt10700005e"}}
{"logTime": "0929/044930", "correlationVector":"4DnFbvO9n8/V7aS0x71p02.2","action":"ProcessGetUpdates", "result":"Done", "context":{"dataType":"Encryption Keys", "deleted":"0", "process_failed_to_decrypt":"0", "process_pending_decryption":"0", "process_success":"1", "total":"1"}}
{"logTime": "0929/044931", "correlationVector":"ljSTcAyPxZBwwL3dDGf6N5","action":"SyncServerConnectionManagerRequest", "result":"SYNC_SERVER_OK", "context":{"environment":"", "migrationStage":"", "server":""}}
{"logTime": "0929/044931", "correlationVector":"ljSTcAyPxZBwwL3dDGf6N5.0","action":"EncryptionKeysFetcher.DownloadKeys:", "result":"Success", "context":Key count: 6, Last key timestamp: 2026-05-23T12:30:16Z}
{"logTime": "0929/044931", "correlationVector":"ljSTcAyPxZBwwL3dDGf6N5.1","action":"EncryptionKeysManager::SetEncryptionKeys:", "result":"Success", "context":Key names[6]:[UF/20CRV+PTP+ueC6dqr+3MJJppbjvm0o7Q6sgdP9YHWRCjexo5sJvdBVjL6J1mOXF2sAOL9Hbom4PPCWm8xkA==][PxU7TKtoNRzx4uTYftGhDsEGAg6g3oSkUMxAlCbdNFOVz0tvHbd8Z6rye4YwwjVDZjS/CUs7x12sOyCxnSaBoQ==][bT9BB7V7zbBVO+Fyb5meYIEFGOpyrcDgVoEu8n7J0DLoQVU9qmTUmi+0cKf3RkkFy63LXm1IdiiLEe0g2UY/Xw==][NfJl0aOjUOzrr0Y435N7zwho8m8aJJmOBdMDKpHkgkE40Lxea9JT3Q2W0YOXqRXkdfYtX9XOgck/27a9IgVUuw==][5g41pRZD+wCL0O1t+gqUC+5TxE1scG70Tfn513EXxwkYkdDE7W8Xe5geli0GVyqI8/43h/5rc8o34Use1DTX5g==][DnJNE7enJmvZln9rP7+P33Lw7X9XutidAplnWVsbXkgEsgghy5nklfnVUUC3eAOD3HG08X5Zy/IZn2mvtvxb4w==]}
{"logTime": "0929/044931", "correlationVector":"ljSTcAyPxZBwwL3dDGf6N5.2","action":"EncryptionKeysManager::SetEncryptionKeysWithTimestamps:", "result":"Success", "context":Key timestamps[6]:[2024-12-26T09:54:05Z][2025-02-04T12:51:55Z][2025-08-05T10:57:50Z][2026-02-01T12:18:10Z][2026-03-25T15:40:16Z][2026-05-23T12:30:16Z]}
{"logTime": "0929/044931", "correlationVector":"4DnFbvO9n8/V7aS0x71p02","action":"Initial GetUpdates", "result":"", "context":Reason: NEW_CLIENT. cV=4DnFbvO9n8/V7aS0x71p02}
{"logTime": "0929/044931", "correlationVector":"4DnFbvO9n8/V7aS0x71p02.3","action":"GetUpdates Response", "result":"Success", "context":Received 1 update(s). cV=4DnFbvO9n8/V7aS0x71p02.0;server=akswtt10700005e;cloudType=Consumer;environment=Prod_southindia_prod-s01-004-apac-southindia;migrationStage=NotStarted}
{"logTime": "0929/044931", "correlationVector":"TgDC7a+0Ik2HavWvJlbEg8","action":"Initial GetUpdates", "result":"", "context":Reason: NEWLY_SUPPORTED_DATATYPE. cV=TgDC7a+0Ik2HavWvJlbEg8}
{"logTime": "0929/044931", "correlationVector":"TgDC7a+0Ik2HavWvJlbEg8.1","action":"SyncServerConnectionManagerRequest", "result":"SYNC_SERVER_OK", "context":{"environment":"Prod_southindia_prod-s01-004-apac-southindia", "migrationStage":"NotStarted", "server":"akswtt10700006k"}}
{"logTime": "0929/044931", "correlationVector":"TgDC7a+0Ik2HavWvJlbEg8.2","action":"ProcessGetUpdates", "result":"Done", "context":{"dataType":"Passwords", "deleted":"0", "process_failed_to_decrypt":"0", "process_pending_decryption":"0", "process_success":"63", "total":"63"}}
{"logTime": "0929/044931", "correlationVector":"TgDC7a+0Ik2HavWvJlbEg8.3","action":"ProcessGetUpdates", "result":"Done", "context":{"dataType":"Device Info", "deleted":"0", "process_failed_to_decrypt":"0", "process_pending_decryption":"0", "process_success":"39", "total":"39"}}
{"logTime": "0929/044931", "correlationVector":"TgDC7a+0Ik2HavWvJlbEg8.4","action":"GetUpdates Response", "result":"Success", "context":Received 102 update(s). cV=TgDC7a+0Ik2HavWvJlbEg8.0;server=akswtt10700006k;cloudType=Consumer;environment=Prod_southindia_prod-s01-004-apac-southindia;migrationStage=NotStarted}
{"logTime": "0929/044931", "correlationVector":"Zert6pqVRgtrmoBbIOILHd","action":"Initial GetUpdates", "result":"", "context":Reason: NEWLY_SUPPORTED_DATATYPE. cV=Zert6pqVRgtrmoBbIOILHd}
{"logTime": "0929/044932", "correlationVector":"Zert6pqVRgtrmoBbIOILHd.1","action":"SyncServerConnectionManagerRequest", "result":"SYNC_SERVER_OK", "context":{"environment":"Prod_southindia_prod-s01-004-apac-southindia", "migrationStage":"NotStarted", "server":"akswtt10700005a"}}
{"logTime": "0929/044932", "correlationVector":"Zert6pqVRgtrmoBbIOILHd.2","action":"ProcessGetUpdates", "result":"Done", "context":{"dataType":"Bookmarks", "deleted":"0", "process_failed_to_decrypt":"0", "process_pending_decryption":"0", "process_success":"135", "total":"135"}}
{"logTime": "0929/044932", "correlationVector":"Zert6pqVRgtrmoBbIOILHd.3","action":"ProcessGetUpdates", "result":"Done", "context":{"dataType":"Preferences", "deleted":"0", "process_failed_to_decrypt":"0", "process_pending_decryption":"0", "process_success":"62", "total":"62"}}
{"logTime": "0929/044932", "correlationVector":"Zert6pqVRgtrmoBbIOILHd.4","action":"ProcessGetUpdates", "result":"Done", "context":{"dataType":"Extensions", "deleted":"0", "process_failed_to_decrypt":"0", "process_pending_decryption":"0", "process_success":"2", "total":"2"}}
{"logTime": "0929/044932", "correlationVector":"Zert6pqVRgtrmoBbIOILHd.5","action":"ProcessGetUpdates", "result":"Done", "context":{"dataType":"Extension settings", "deleted":"0", "process_failed_to_decrypt":"0", "process_pending_decryption":"0", "process_success":"46", "total":"46"}}
{"logTime": "0929/044932", "correlationVector":"Zert6pqVRgtrmoBbIOILHd.6","action":"ProcessGetUpdates", "result":"Done", "context":{"dataType":"Web Apps", "deleted":"0", "process_failed_to_decrypt":"0", "process_pending_decryption":"0", "process_success":"5", "total":"5"}}
{"logTime": "0929/044932", "correlationVector":"Zert6pqVRgtrmoBbIOILHd.7","action":"GetUpdates Response", "result":"Success", "context":Received 250 update(s). cV=Zert6pqVRgtrmoBbIOILHd.0;server=akswtt10700005a;cloudType=Consumer;environment=Prod_southindia_prod-s01-004-apac-southindia;migrationStage=NotStarted Some updates remain.}
{"logTime": "0929/044932", "correlationVector":"Y/mpg31p/BibVKSR8V84xN","action":"Initial GetUpdates", "result":"", "context":Reason: NEWLY_SUPPORTED_DATATYPE. cV=Y/mpg31p/BibVKSR8V84xN}
{"logTime": "0929/044933", "correlationVector":"Y/mpg31p/BibVKSR8V84xN.1","action":"SyncServerConnectionManagerRequest", "result":"SYNC_SERVER_OK", "context":{"environment":"Prod_southindia_prod-s01-004-apac-southindia", "migrationStage":"NotStarted", "server":"akswtt1070000bm"}}
{"logTime": "0929/044933", "correlationVector":"Y/mpg31p/BibVKSR8V84xN.2","action":"ProcessGetUpdates", "result":"Done", "context":{"dataType":"Bookmarks", "deleted":"0", "process_failed_to_decrypt":"0", "process_pending_decryption":"0", "process_success":"29", "total":"29"}}
{"logTime": "0929/044933", "correlationVector":"Y/mpg31p/BibVKSR8V84xN.3","action":"ProcessGetUpdates", "result":"Done", "context":{"dataType":"Preferences", "deleted":"0", "process_failed_to_decrypt":"0", "process_pending_decryption":"0", "process_success":"36", "total":"36"}}
{"logTime": "0929/044933", "correlationVector":"Y/mpg31p/BibVKSR8V84xN.4","action":"ProcessGetUpdates", "result":"Done", "context":{"dataType":"Autofill Profiles", "deleted":"0", "process_failed_to_decrypt":"0", "process_pending_decryption":"0", "process_success":"1", "total":"1"}}
{"logTime": "0929/044933", "correlationVector":"Y/mpg31p/BibVKSR8V84xN.5","action":"ProcessGetUpdates", "result":"Done", "context":{"dataType":"Autofill", "deleted":"0", "process_failed_to_decrypt":"0", "process_pending_decryption":"0", "process_success":"116", "total":"116"}}
{"logTime": "0929/044933", "correlationVector":"Y/mpg31p/BibVKSR8V84xN.6","action":"ProcessGetUpdates", "result":"Done", "context":{"dataType":"Extensions", "deleted":"0", "process_failed_to_decrypt":"0", "process_pending_decryption":"0", "process_success":"11", "total":"11"}}
{"logTime": "0929/044933", "correlationVector":"Y/mpg31p/BibVKSR8V84xN.7","action":"ProcessGetUpdates", "result":"Done", "context":{"dataType":"Extension settings", "deleted":"0", "process_failed_to_decrypt":"0", "process_pending_decryption":"0", "process_success":"17", "total":"17"}}
{"logTime": "0929/044933", "correlationVector":"Y/mpg31p/BibVKSR8V84xN.8","action":"ProcessGetUpdates", "result":"Done", "context":{"dataType":"Web Apps", "deleted":"0", "process_failed_to_decrypt":"0", "process_pending_decryption":"0", "process_success":"40", "total":"40"}}
{"logTime": "0929/044933", "correlationVector":"Y/mpg31p/BibVKSR8V84xN.9","action":"GetUpdates Response", "result":"Success", "context":Received 250 update(s). cV=Y/mpg31p/BibVKSR8V84xN.0;server=akswtt1070000bm;cloudType=Consumer;environment=Prod_southindia_prod-s01-004-apac-southindia;migrationStage=NotStarted Some updates remain.}
{"logTime": "0929/044933", "correlationVector":"QaLB2m05Ti2swQAl37W4b4","action":"Initial GetUpdates", "result":"", "context":Reason: NEWLY_SUPPORTED_DATATYPE. cV=QaLB2m05Ti2swQAl37W4b4}
{"logTime": "0929/044934", "correlationVector":"QaLB2m05Ti2swQAl37W4b4.1","action":"SyncServerConnectionManagerRequest", "result":"SYNC_SERVER_OK", "context":{"environment":"Prod_southindia_prod-s01-004-apac-southindia", "migrationStage":"NotStarted", "server":"akswtt10700005z"}}
{"logTime": "0929/044934", "correlationVector":"QaLB2m05Ti2swQAl37W4b4.2","action":"ProcessGetUpdates", "result":"Done", "context":{"dataType":"Autofill", "deleted":"0", "process_failed_to_decrypt":"0", "process_pending_decryption":"0", "process_success":"250", "total":"250"}}
{"logTime": "0929/044934", "correlationVector":"QaLB2m05Ti2swQAl37W4b4.3","action":"GetUpdates Response", "result":"Success", "context":Received 250 update(s). cV=QaLB2m05Ti2swQAl37W4b4.0;server=akswtt10700005z;cloudType=Consumer;environment=Prod_southindia_prod-s01-004-apac-southindia;migrationStage=NotStarted Some updates remain.}
{"logTime": "0929/044934", "correlationVector":"BPO6eHnr6/NgrRn5Qu4Qck","action":"Initial GetUpdates", "result":"", "context":Reason: NEWLY_SUPPORTED_DATATYPE. cV=BPO6eHnr6/NgrRn5Qu4Qck}
